// Jest Snapshot v1, https://goo.gl/fbAQLP

exports[`expect to render card component 1`] = `
<div
  className="tc bg-light-green grow br3 pa3 ma2 dib bw2 shadow-5"
>
  <img
    src="https://robohash.org/undefined?size=200x200"
  />
  <h2 />
  <p />
</div>
`;
